../Core/Src/main.c:70:6:delay_us	24	static
../Core/Src/main.c:78:9:DHT11_Read	32	static,ignoring_inline_asm
../Core/Src/main.c:137:10:Read_ADC	40	static
../Core/Src/main.c:156:5:main	104	static
../Core/Src/main.c:243:6:SystemClock_Config	88	static
../Core/Src/main.c:285:13:MX_ADC1_Init	24	static
../Core/Src/main.c:337:13:MX_USART1_UART_Init	8	static
../Core/Src/main.c:370:13:MX_USART2_UART_Init	8	static
../Core/Src/main.c:403:13:MX_GPIO_Init	48	static
../Core/Src/main.c:455:6:Error_Handler	4	static,ignoring_inline_asm
